http://xml.corriereobjects.it/rss/homepage.xml
http://xml.corriereobjects.it/rss/editoriali.xml
http://xml.corriereobjects.it/rss/cronache.xml
http://xml.corriereobjects.it/rss/politica.xml
http://xml.corriereobjects.it/rss/esteri.xml
http://xml.corriereobjects.it/rss/economia.xml
http://xml.corriereobjects.it/rss/cultura.xml
http://xml.corriereobjects.it/rss/spettacoli.xml
http://xml.corriereobjects.it/rss/cinema.xml
http://xml.corriereobjects.it/rss/scienze.xml
http://xml.corriereobjects.it/rss/sport.xml
http://xml.corriereobjects.it/rss/motori.xml
http://xml.corriereobjects.it/rss/animali.xml
#http://xml.corriereobjects.it/rss/english.xml
#http://xml.corriereobjects.it/rss/chinese.xml
http://xml.corriereobjects.it/rss/salute.xml
http://xml.corriereobjects.it/rss/homepage_bologna.xml
http://xml.corriereobjects.it/rss/homepage_firenze.xml
http://xml.corriereobjects.it/rss/homepage_veneto.xml
http://xml.corriereobjects.it/rss/homepage_verona.xml
http://xml.corriereobjects.it/rss/homepage_veneziamestre.xml
http://xml.corriereobjects.it/rss/homepage_padova.xml
http://xml.corriereobjects.it/rss/homepage_treviso.xml
http://xml.corriereobjects.it/rss/homepage_belluno.xml
http://xml.corriereobjects.it/rss/homepage_rovigo.xml
http://xml.corriereobjects.it/rss/homepage_napoli.xml
http://xml.corriereobjects.it/rss/homepage_salerno.xml
http://xml.corriereobjects.it/rss/homepage_caserta.xml
http://xml.corriereobjects.it/rss/homepage_bari.xml
http://xml.corriereobjects.it/rss/homepage_lecce.xml
http://xml.corriereobjects.it/rss/homepage_milano.xml
http://xml.corriereobjects.it/rss/homepage_roma.xml
http://xml.corriereobjects.it/rss/ultimora.xml
# http://video.corriere.it/?vxSiteId=404a0ad6-6216-4e10-abfe-f4f6959487fd&vxChannel=Dall%20Italia
# http://video.corriere.it/?vxSiteId=404a0ad6-6216-4e10-abfe-f4f6959487fd&vxChannel=Dal%20Mondo
# http://video.corriere.it/?vxChannel=TGEconomia&vxClipId=2524_287a7f16-9789-11dc-9cff-0003ba99c53b
# http://video.corriere.it/?vxSiteId=404a0ad6-6216-4e10-abfe-f4f6959487fd&vxChannel=Cultura
# http://video.corriere.it/?vxSiteId=404a0ad6-6216-4e10-abfe-f4f6959487fd&vxChannel=Spettacoli
# http://xml.corriereobjects.it/rss/cinema.xml
# http://video.corriere.it/?vxSiteId=404a0ad6-6216-4e10-abfe-f4f6959487fd&vxChannel=Scienze
# http://video.corriere.it/?vxSiteId=404a0ad6-6216-4e10-abfe-f4f6959487fd&vxChannel=Motori
# http://video.corriere.it/?vxSiteId=404a0ad6-6216-4e10-abfe-f4f6959487fd&vxChannel=Sport%20Videonews
# http://xml.corriereobjects.it/rss/new_viaggi.xml
# http://xml.corriereobjects.it/rss/animali.xml
# http://video.corriere.it/?vxSiteId=404a0ad6-6216-4e10-abfe-f4f6959487fd&vxChannel=Televisioni
# http://video.corriere.it/?vxSiteId=404a0ad6-6216-4e10-abfe-f4f6959487fd&vxChannel=Ilfilm
# http://video.corriere.it/?vxSiteId=404a0ad6-6216-4e10-abfe-f4f6959487fd&vxChannel=Salute
# http://video.corriere.it/?vxSiteId=404a0ad6-6216-4e10-abfe-f4f6959487fd&vxChannel=Bnovella
# http://video.corriere.it/?vxSiteId=404a0ad6-6216-4e10-abfe-f4f6959487fd&vxChannel=Puntoitalians
# http://video.corriere.it/?vxSiteId=404a0ad6-6216-4e10-abfe-f4f6959487fd&vxChannel=UsaTv
# http://video.corriere.it/?vxSiteId=404a0ad6-6216-4e10-abfe-f4f6959487fd&vxChannel=Incontri digitali
# http://video.corriere.it/?vxChannel=StarNews&vxClipId=2524_3ec4d5aa-9789-11dc-9cff-0003ba99c53b

