http://www.ilfattoquotidiano.it/feed/
http://www.ilfattoquotidiano.it/category/politica-palazzo/feed/
http://www.ilfattoquotidiano.it/category/giustizia-impunita/feed/
http://www.ilfattoquotidiano.it/category/media-regime/feed/
http://www.ilfattoquotidiano.it/category/economia-lobby/feed/
http://www.ilfattoquotidiano.it/category/lavoro-precari/feed/
http://www.ilfattoquotidiano.it/category/ambiente-veleni/feed/
http://www.ilfattoquotidiano.it/category/sport-miliardi/feed/
http://www.ilfattoquotidiano.it/category/cronaca/feed/
http://www.ilfattoquotidiano.it/category/mondo/feed/
http://www.ilfattoquotidiano.it/category/societa/feed/
http://www.ilfattoquotidiano.it/category/scuola/feed/
http://www.ilfattoquotidiano.it/category/tecno/feed/
http://www.ilfattoquotidiano.it/category/terza-pagina/feed/
http://www.ilfattoquotidiano.it/category/piacere-quotidiano/feed/
http://www.ilfattoquotidiano.it/category/cervelli-in-fuga/feed/
http://www.ilfattoquotidiano.it/category/documentati/feed/
http://www.ilfattoquotidiano.it/category/misfatto/feed/
http://www.ilfattoquotidiano.it/category/videogallery/i-nostri-video/feed/
http://www.ilfattoquotidiano.it/category/videogallery/i-vostri-video/feed/
http://www.ilfattoquotidiano.it/category/videogallery/misfatto-tv/feed/
http://www.ilfattoquotidiano.it/category/videogallery/telebavaglio/feed/
http://www.ilfattoquotidiano.it/category/fotogallery/vignette/feed/
